[INFO] Scanning for projects...
[INFO] 
[INFO] --------------< com.automation:SeleniumJavaHybridAllure >---------------
[INFO] Building SeleniumJavaHybridAllure 1.0.0
[INFO]   from pom.xml
[INFO] --------------------------------[ jar ]---------------------------------
[INFO] 
[INFO] --- resources:3.3.1:resources (default-resources) @ SeleniumJavaHybridAllure ---
[INFO] Copying 3 resources from src\main\resources to target\classes
[INFO] 
[INFO] --- compiler:3.13.0:compile (default-compile) @ SeleniumJavaHybridAllure ---
[INFO] Nothing to compile - all classes are up to date.
[INFO] 
[INFO] --- resources:3.3.1:testResources (default-testResources) @ SeleniumJavaHybridAllure ---
[INFO] Copying 1 resource from src\test\resources to target\test-classes
[INFO] 
[INFO] --- compiler:3.13.0:testCompile (default-testCompile) @ SeleniumJavaHybridAllure ---
[INFO] Nothing to compile - all classes are up to date.
[INFO] 
[INFO] --- surefire:3.0.0:test (default-test) @ SeleniumJavaHybridAllure ---
[INFO] Using auto detected provider org.apache.maven.surefire.testng.TestNGProvider
[INFO] 
[INFO] -------------------------------------------------------
[INFO]  T E S T S
[INFO] -------------------------------------------------------
[INFO] Running TestSuite
mvn : SLF4J: Failed to load class "org.slf4j.impl.StaticLoggerBinder".
At line:1 char:1
+ mvn test > test_output.log 2>&1 ; Get-Content test_output.log | Selec ...
+ ~~~~~~~~~~~~~~~~~~~~~~~~~~~~~~~
    + CategoryInfo          : NotSpecified: (SLF4J: Failed t...cLoggerBinder". 
   :String) [], RemoteException
    + FullyQualifiedErrorId : NativeCommandError
 
SLF4J: Defaulting to no-operation (NOP) logger implementation
SLF4J: See http://www.slf4j.org/codes.html#StaticLoggerBinder for further 
details.
...
... TestNG 7.8.0 by CΘdric Beust (cedric@beust.com)
...


========== Test Suite Started: Test ==========
Total Tests: 1
Passed: 0
Failed: 0
Skipped: 0

Γ£à Found file at: C:\Users\tutru\OneDrive\Desktop\SeleniumJavaAllureHybrid\src\test\java\com\automation\tests\BusinessFlow.xlsx
≡ƒöº Base test setup started. WebDriver will be initialized for each test case.
≡ƒôè [afterInvocation] Method: setUp, isTestMethod: false, status: 1, hasFailure: false
Γ£à Test started: TC001

========================================
≡ƒÜÇ Starting Test: TC001
Tags: @regression
Browser: sauce android
========================================

≡ƒöº Initializing WebDriver for browser: sauce android

? Test failed: TC001
Error: org/openqa/selenium/Rotatable

≡ƒôè [afterInvocation] Method: executeTestFlow, isTestMethod: true, status: 2, hasFailure: false

≡ƒöä Retrying test: executeTestFlow | Attempt: 2/3
Γ?¡∩╕? Test skipped: executeTestFlow
ΓÜá∩╕? [tearDown] Test already marked as failed
≡ƒº╣ Cleaning up WebDriver
≡ƒôè [afterInvocation] Method: tearDown, isTestMethod: false, status: 1, hasFailure: false
≡ƒöº Base test setup started. WebDriver will be initialized for each test case.
≡ƒôè [afterInvocation] Method: setUp, isTestMethod: false, status: 1, hasFailure: false
Γ£à Test started: TC001

========================================
≡ƒÜÇ Starting Test: TC001
Tags: @regression
Browser: sauce android
========================================

≡ƒöº Initializing WebDriver for browser: sauce android

? Test failed: TC001
Error: org/openqa/selenium/Rotatable

≡ƒôè [afterInvocation] Method: executeTestFlow, isTestMethod: true, status: 2, hasFailure: false

≡ƒöä Retrying test: executeTestFlow | Attempt: 3/3
Γ?¡∩╕? Test skipped: executeTestFlow
ΓÜá∩╕? [tearDown] Test already marked as failed
≡ƒº╣ Cleaning up WebDriver
≡ƒôè [afterInvocation] Method: tearDown, isTestMethod: false, status: 1, hasFailure: false
≡ƒöº Base test setup started. WebDriver will be initialized for each test case.
≡ƒôè [afterInvocation] Method: setUp, isTestMethod: false, status: 1, hasFailure: false
Γ£à Test started: TC001

========================================
≡ƒÜÇ Starting Test: TC001
Tags: @regression
Browser: sauce android
========================================

≡ƒöº Initializing WebDriver for browser: sauce android

? Test failed: TC001
Error: org/openqa/selenium/Rotatable

≡ƒôè [afterInvocation] Method: executeTestFlow, isTestMethod: true, status: 2, hasFailure: false

========================================
Γ?î FAILED TC001
========================================
Reason: org/openqa/selenium/Rotatable
========================================

ΓÜá∩╕? [tearDown] Test already marked as failed
≡ƒº╣ Cleaning up WebDriver
≡ƒôè [afterInvocation] Method: tearDown, isTestMethod: false, status: 1, hasFailure: false

========== Test Suite Finished: Test ==========
Total Tests: 1
Passed: 0
Failed: 1
Skipped: 2

[ERROR] Tests run: 3, Failures: 1, Errors: 0, Skipped: 2, Time elapsed: 5.309 s <<< FAILURE! - in TestSuite
[ERROR] com.automation.tests.TestRunner.executeTestFlow[TC001, @regression, sauce android](3)  Time elapsed: 0.025 s  <<< FAILURE!
java.lang.NoClassDefFoundError: org/openqa/selenium/Rotatable
	at com.automation.executor.DriverManager.createDriver(DriverManager.java:86)
	at com.automation.executor.DriverManager.getDriver(DriverManager.java:29)
	at com.automation.tests.BaseTest.initializeDriver(BaseTest.java:39)
	at com.automation.tests.TestRunner.lambda$executeTestFlow$0(TestRunner.java:102)
	at io.qameta.allure.Allure.lambda$step$0(Allure.java:113)
	at io.qameta.allure.Allure.lambda$step$1(Allure.java:127)
	at io.qameta.allure.Allure.step(Allure.java:181)
	at io.qameta.allure.Allure.step(Allure.java:125)
	at io.qameta.allure.Allure.step(Allure.java:112)
	at com.automation.tests.TestRunner.executeTestFlow(TestRunner.java:101)
	at java.base/jdk.internal.reflect.NativeMethodAccessorImpl.invoke0(Native Method)
	at java.base/jdk.internal.reflect.NativeMethodAccessorImpl.invoke(NativeMethodAccessorImpl.java:77)
	at java.base/jdk.internal.reflect.DelegatingMethodAccessorImpl.invoke(DelegatingMethodAccessorImpl.java:43)
	at java.base/java.lang.reflect.Method.invoke(Method.java:568)
	at org.testng.internal.invokers.MethodInvocationHelper.invokeMethod(MethodInvocationHelper.java:139)
	at org.testng.internal.invokers.TestInvoker.invokeMethod(TestInvoker.java:664)
	at org.testng.internal.invokers.TestInvoker.retryFailed(TestInvoker.java:248)
	at org.testng.internal.invokers.MethodRunner.runInSequence(MethodRunner.java:62)
	at org.testng.internal.invokers.TestInvoker$MethodInvocationAgent.invoke(TestInvoker.java:957)
	at org.testng.internal.invokers.TestInvoker.invokeTestMethods(TestInvoker.java:200)
	at org.testng.internal.invokers.TestMethodWorker.invokeTestMethods(TestMethodWorker.java:148)
	at org.testng.internal.invokers.TestMethodWorker.run(TestMethodWorker.java:128)
	at java.base/java.util.concurrent.ThreadPoolExecutor.runWorker(ThreadPoolExecutor.java:1136)
	at java.base/java.util.concurrent.ThreadPoolExecutor$Worker.run(ThreadPoolExecutor.java:635)
	at java.base/java.lang.Thread.run(Thread.java:842)
Caused by: java.lang.ClassNotFoundException: org.openqa.selenium.Rotatable
	... 25 more

[INFO] 
[INFO] Results:
[INFO] 
[ERROR] Failures: 
[ERROR]   TestRunner.executeTestFlow:101->lambda$executeTestFlow$0:102->BaseTest.initializeDriver:39 ╗ NoClassDefFound org/openqa/selenium/Rotatable
[INFO] 
[ERROR] Tests run: 3, Failures: 1, Errors: 0, Skipped: 2
[INFO] 
[INFO] ------------------------------------------------------------------------
[INFO] BUILD FAILURE
[INFO] ------------------------------------------------------------------------
[INFO] Total time:  10.749 s
[INFO] Finished at: 2026-05-18T11:49:20-04:00
[INFO] ------------------------------------------------------------------------
[ERROR] Failed to execute goal org.apache.maven.plugins:maven-surefire-plugin:3.0.0:test (default-test) on project SeleniumJavaHybridAllure: There are test failures.
[ERROR] 
[ERROR] Please refer to C:\Users\tutru\OneDrive\Desktop\SeleniumJavaAllureHybrid\target\surefire-reports for the individual test results.
[ERROR] Please refer to dump files (if any exist) [date].dump, [date]-jvmRun[N].dump and [date].dumpstream.
[ERROR] -> [Help 1]
[ERROR] 
[ERROR] To see the full stack trace of the errors, re-run Maven with the -e switch.
[ERROR] Re-run Maven using the -X switch to enable full debug logging.
[ERROR] 
[ERROR] For more information about the errors and possible solutions, please read the following articles:
[ERROR] [Help 1] http://cwiki.apache.org/confluence/display/MAVEN/MojoFailureException
