[INFO] Scanning for projects...
[INFO] 
[INFO] --------------< com.automation:SeleniumJavaHybridAllure >---------------
[INFO] Building SeleniumJavaHybridAllure 1.0.0
[INFO]   from pom.xml
[INFO] --------------------------------[ jar ]---------------------------------
[INFO] 
[INFO] --- resources:3.3.1:resources (default-resources) @ SeleniumJavaHybridAllure ---
[INFO] Copying 3 resources from src\main\resources to target\classes
[INFO] 
[INFO] --- compiler:3.13.0:compile (default-compile) @ SeleniumJavaHybridAllure ---
[INFO] Nothing to compile - all classes are up to date.
[INFO] 
[INFO] --- resources:3.3.1:testResources (default-testResources) @ SeleniumJavaHybridAllure ---
[INFO] Copying 1 resource from src\test\resources to target\test-classes
[INFO] 
[INFO] --- compiler:3.13.0:testCompile (default-testCompile) @ SeleniumJavaHybridAllure ---
[INFO] Recompiling the module because of changed source code.
[INFO] Compiling 4 source files with javac [debug target 11] to target\test-classes
[WARNING] system modules path not set in conjunction with -source 11
[INFO] 
[INFO] --- surefire:3.0.0:test (default-test) @ SeleniumJavaHybridAllure ---
[INFO] Using auto detected provider org.apache.maven.surefire.testng.TestNGProvider
[INFO] 
[INFO] -------------------------------------------------------
[INFO]  T E S T S
[INFO] -------------------------------------------------------
[INFO] Running TestSuite
mvn : SLF4J: Failed to load class "org.slf4j.impl.StaticLoggerBinder".
At line:1 char:1
+ mvn test 2>&1 > test_output.txt ; Select-String "TC001|TC002|tearDown ...
+ ~~~~~~~~~~~~~~~~~~~~~~~~~~~~~~~
    + CategoryInfo          : NotSpecified: (SLF4J: Failed t...cLoggerBinder". 
   :String) [], RemoteException
    + FullyQualifiedErrorId : NativeCommandError
 
SLF4J: Defaulting to no-operation (NOP) logger implementation
SLF4J: See http://www.slf4j.org/codes.html#StaticLoggerBinder for further 
details.
...
... TestNG 7.8.0 by CΘdric Beust (cedric@beust.com)
...


========== Test Suite Started: Test ==========
Total Tests: 1
Passed: 0
Failed: 0
Skipped: 0

Γ£à Found file at: C:\Users\tutru\OneDrive\Desktop\SeleniumJavaAllureHybrid\src\test\java\com\automation\tests\BusinessFlow.xlsx
≡ƒöº Base test setup started. WebDriver will be initialized for each test case.
Γ£à Test started: TC001

========================================
≡ƒÜÇ Starting Test: TC001
Tags: @regression
Browser: chrome
========================================

≡ƒöº Initializing WebDriver for browser: chrome
May 17, 2026 11:32:42 AM org.openqa.selenium.devtools.CdpVersionFinder 
findNearestMatch
WARNING: Unable to find CDP implementation matching 148
≡ƒÜÇ Starting execution for Test Case: TC001
Γ£à Found file at: C:\Users\tutru\OneDrive\Desktop\SeleniumJavaAllureHybrid\src\test\java\com\automation\tests\BusinessFlow.xlsx
May 17, 2026 11:32:42 AM org.openqa.selenium.chromium.ChromiumDriver 
lambda$new$5
WARNING: Unable to find version of CDP to use for 148.0.7778.168. You may need 
to include a dependency on a specific version of the CDP using something 
similar to `org.seleniumhq.selenium:selenium-devtools-v86:4.15.0` where the 
version ("v86") matches the version of the chromium-based browser you're using 
and the version number of the artifact is the same as Selenium's.
Γ₧í∩╕? Executing keyword: Login
Γ₧í∩╕? Executing Login for test case: TC001
Γ₧í∩╕? Navigating to: https://opensource-demo.orangehrmlive.com/web/index.php/auth/login
Γ£à Navigation successful
≡ƒô╕ Screenshot saved: screenshots/2026-05-17_11-32-44_Navigation_Success.png
Γ£à Found file at: C:\Users\tutru\OneDrive\Desktop\SeleniumJavaAllureHybrid\src\test\java\com\automation\tests\BusinessFlow.xlsx
≡ƒöÄ Locating: Login button
≡ƒöÄ Verifying text contains for Login button: expected substring=[submit] actual=[Login]
≡ƒô╕ Screenshot saved: screenshots/2026-05-17_11-32-45_Verify_Failed_Login button.png
≡ƒô? Sending text to: Username Input
≡ƒöÄ Locating: Username Input
Γ£à Text sent to Username Input
≡ƒô╕ Screenshot saved: screenshots/2026-05-17_11-32-45_SendText_Success_Username Input.png
≡ƒô? Sending text to: Password Input
≡ƒöÄ Locating: Password Input
Γ£à Text sent to Password Input
≡ƒô╕ Screenshot saved: screenshots/2026-05-17_11-32-45_SendText_Success_Password Input.png
≡ƒû▒∩╕? Clicking: Login Button
≡ƒöÄ Locating: Login Button
Γ£à Login Button clicked successfully
≡ƒô╕ Screenshot saved: screenshots/2026-05-17_11-32-46_Click_Success_Login Button.png
Γ£à Login completed for TC001
Γ₧í∩╕? Executing keyword: Admin
Γ₧í∩╕? Executing Admin for test case: TC001
Γ£à Found file at: C:\Users\tutru\OneDrive\Desktop\SeleniumJavaAllureHybrid\src\test\java\com\automation\tests\BusinessFlow.xlsx
≡ƒû▒∩╕? Clicking: Admin Tab
≡ƒöÄ Locating: Admin Tab
Γ£à Admin Tab clicked successfully
≡ƒô╕ Screenshot saved: screenshots/2026-05-17_11-32-49_Click_Success_Admin Tab.png
≡ƒû▒∩╕? Clicking: Add Button
≡ƒöÄ Locating: Add Button
Γ£à Add Button clicked successfully
≡ƒô╕ Screenshot saved: screenshots/2026-05-17_11-32-50_Click_Success_Add Button.png
≡ƒû▒∩╕? Clicking: User Role Dropdown
≡ƒöÄ Locating: User Role Dropdown
Γ£à User Role Dropdown clicked successfully
≡ƒô╕ Screenshot saved: screenshots/2026-05-17_11-32-51_Click_Success_User Role Dropdown.png
≡ƒô? Sending text to: Employee Name
≡ƒöÄ Locating: Employee Name
Γ£à Text sent to Employee Name
≡ƒô╕ Screenshot saved: screenshots/2026-05-17_11-32-52_SendText_Success_Employee Name.png
≡ƒû▒∩╕? Clicking: Status Dropdown
≡ƒöÄ Locating: Status Dropdown
Γ£à Status Dropdown clicked successfully
≡ƒô╕ Screenshot saved: screenshots/2026-05-17_11-32-52_Click_Success_Status Dropdown.png
≡ƒô? Sending text to: Password
≡ƒöÄ Locating: Password
Γ£à Text sent to Password
≡ƒô╕ Screenshot saved: screenshots/2026-05-17_11-32-54_SendText_Success_Password.png
Γ£à Admin flow completed for TC001
Γ₧í∩╕? Executing keyword: Logout
Γ₧í∩╕? Executing Logout for test case: TC001
≡ƒû▒∩╕? Clicking: Profile Button
≡ƒöÄ Locating: Profile Button
Γ£à Profile Button clicked successfully
≡ƒô╕ Screenshot saved: screenshots/2026-05-17_11-32-54_Click_Success_Profile Button.png
≡ƒû▒∩╕? Clicking: Logout Button
≡ƒöÄ Locating: Logout Button
Γ£à Logout Button clicked successfully
≡ƒô╕ Screenshot saved: screenshots/2026-05-17_11-32-55_Click_Success_Logout Button.png
Γ£à Logout completed for TC001
Γ£à Test case execution completed: TC001

Γ£à Test passed: TC001

Γ£à Test passed: executeTestFlow
Γ?▒∩╕? Duration: 16575ms
Γ?î Verification Failures:
Γ?î [Login button] does not contain=[submit] actual=[Login]
≡ƒº╣ Cleaning up WebDriver
≡ƒöº Base test setup started. WebDriver will be initialized for each test case.
Γ£à Test started: TC002

========================================
≡ƒÜÇ Starting Test: TC002
Tags: @regression
Browser: chrome
========================================

≡ƒöº Initializing WebDriver for browser: chrome
May 17, 2026 11:32:58 AM org.openqa.selenium.devtools.CdpVersionFinder 
findNearestMatch
WARNING: Unable to find CDP implementation matching 148
May 17, 2026 11:32:58 AM org.openqa.selenium.chromium.ChromiumDriver 
lambda$new$5
WARNING: Unable to find version of CDP to use for 148.0.7778.168. You may need 
to include a dependency on a specific version of the CDP using something 
similar to `org.seleniumhq.selenium:selenium-devtools-v86:4.15.0` where the 
version ("v86") matches the version of the chromium-based browser you're using 
and the version number of the artifact is the same as Selenium's.
≡ƒÜÇ Starting execution for Test Case: TC002
Γ£à Found file at: C:\Users\tutru\OneDrive\Desktop\SeleniumJavaAllureHybrid\src\test\java\com\automation\tests\BusinessFlow.xlsx
Γ₧í∩╕? Executing keyword: Login
Γ₧í∩╕? Executing Login for test case: TC002
Γ₧í∩╕? Navigating to: https://opensource-demo.orangehrmlive.com/web/index.php/auth/login
Γ£à Navigation successful
≡ƒô╕ Screenshot saved: screenshots/2026-05-17_11-32-59_Navigation_Success.png
Γ£à Found file at: C:\Users\tutru\OneDrive\Desktop\SeleniumJavaAllureHybrid\src\test\java\com\automation\tests\BusinessFlow.xlsx
≡ƒöÄ Locating: Login button
≡ƒöÄ Verifying text contains for Login button: expected substring=[submit] actual=[Login]
≡ƒô╕ Screenshot saved: screenshots/2026-05-17_11-33-00_Verify_Failed_Login button.png
≡ƒô? Sending text to: Username Input
≡ƒöÄ Locating: Username Input
Γ£à Text sent to Username Input
≡ƒô╕ Screenshot saved: screenshots/2026-05-17_11-33-00_SendText_Success_Username Input.png
≡ƒô? Sending text to: Password Input
≡ƒöÄ Locating: Password Input
Γ£à Text sent to Password Input
≡ƒô╕ Screenshot saved: screenshots/2026-05-17_11-33-01_SendText_Success_Password Input.png
≡ƒû▒∩╕? Clicking: Login Button
≡ƒöÄ Locating: Login Button
Γ£à Login Button clicked successfully
≡ƒô╕ Screenshot saved: screenshots/2026-05-17_11-33-02_Click_Success_Login Button.png
Γ£à Login completed for TC002
Γ₧í∩╕? Executing keyword: Admin
Γ₧í∩╕? Executing Admin for test case: TC002
Γ£à Found file at: C:\Users\tutru\OneDrive\Desktop\SeleniumJavaAllureHybrid\src\test\java\com\automation\tests\BusinessFlow.xlsx
≡ƒû▒∩╕? Clicking: Admin Tab
≡ƒöÄ Locating: Admin Tab
Γ£à Admin Tab clicked successfully
≡ƒô╕ Screenshot saved: screenshots/2026-05-17_11-33-05_Click_Success_Admin Tab.png
≡ƒû▒∩╕? Clicking: Add Button
≡ƒöÄ Locating: Add Button
Γ£à Add Button clicked successfully
≡ƒô╕ Screenshot saved: screenshots/2026-05-17_11-33-06_Click_Success_Add Button.png
≡ƒû▒∩╕? Clicking: User Role Dropdown
≡ƒöÄ Locating: User Role Dropdown
Γ£à User Role Dropdown clicked successfully
≡ƒô╕ Screenshot saved: screenshots/2026-05-17_11-33-07_Click_Success_User Role Dropdown.png
≡ƒô? Sending text to: Employee Name
≡ƒöÄ Locating: Employee Name
Γ£à Text sent to Employee Name
≡ƒô╕ Screenshot saved: screenshots/2026-05-17_11-33-08_SendText_Success_Employee Name.png
≡ƒû▒∩╕? Clicking: Status Dropdown
≡ƒöÄ Locating: Status Dropdown
Γ£à Status Dropdown clicked successfully
≡ƒô╕ Screenshot saved: screenshots/2026-05-17_11-33-08_Click_Success_Status Dropdown.png
≡ƒô? Sending text to: Password
≡ƒöÄ Locating: Password
Γ£à Text sent to Password
≡ƒô╕ Screenshot saved: screenshots/2026-05-17_11-33-09_SendText_Success_Password.png
Γ£à Admin flow completed for TC002
Γ₧í∩╕? Executing keyword: Logout
Γ₧í∩╕? Executing Logout for test case: TC002
≡ƒû▒∩╕? Clicking: Profile Button
≡ƒöÄ Locating: Profile Button
Γ£à Profile Button clicked successfully
≡ƒô╕ Screenshot saved: screenshots/2026-05-17_11-33-09_Click_Success_Profile Button.png
≡ƒû▒∩╕? Clicking: Logout Button
≡ƒöÄ Locating: Logout Button
Γ£à Logout Button clicked successfully
≡ƒô╕ Screenshot saved: screenshots/2026-05-17_11-33-10_Click_Success_Logout Button.png
Γ£à Logout completed for TC002
Γ£à Test case execution completed: TC002

Γ£à Test passed: TC002

Γ?î Test had verification failures: executeTestFlow
Reason: The following asserts failed:
	Text does not contain expected value for Login button expected [true] but found [false]
≡ƒº╣ Cleaning up WebDriver

========== Test Suite Finished: Test ==========
Total Tests: 1
Passed: 1
Failed: 1
Skipped: 0

[ERROR] Tests run: 2, Failures: 1, Errors: 0, Skipped: 0, Time elapsed: 34.462 s <<< FAILURE! - in TestSuite
[ERROR] com.automation.tests.TestRunner.executeTestFlow[TC002, @regression, chrome](2)  Time elapsed: 15.418 s  <<< FAILURE!
java.lang.AssertionError: 
The following asserts failed:
	Text does not contain expected value for Login button expected [true] but found [false]
	at org.testng.asserts.SoftAssert.assertAll(SoftAssert.java:46)
	at org.testng.asserts.SoftAssert.assertAll(SoftAssert.java:30)
	at com.automation.utilities.CommonFunctions.assertAll(CommonFunctions.java:61)
	at com.automation.tests.BaseTest.tearDown(BaseTest.java:47)
	at java.base/jdk.internal.reflect.NativeMethodAccessorImpl.invoke0(Native Method)
	at java.base/jdk.internal.reflect.NativeMethodAccessorImpl.invoke(NativeMethodAccessorImpl.java:77)
	at java.base/jdk.internal.reflect.DelegatingMethodAccessorImpl.invoke(DelegatingMethodAccessorImpl.java:43)
	at java.base/java.lang.reflect.Method.invoke(Method.java:568)
	at org.testng.internal.invokers.MethodInvocationHelper.invokeMethod(MethodInvocationHelper.java:139)
	at org.testng.internal.invokers.MethodInvocationHelper.invokeMethodConsideringTimeout(MethodInvocationHelper.java:69)
	at org.testng.internal.invokers.ConfigInvoker.invokeConfigurationMethod(ConfigInvoker.java:390)
	at org.testng.internal.invokers.ConfigInvoker.invokeConfigurations(ConfigInvoker.java:325)
	at org.testng.internal.invokers.TestInvoker.runConfigMethods(TestInvoker.java:810)
	at org.testng.internal.invokers.TestInvoker.runAfterConfigurations(TestInvoker.java:779)
	at org.testng.internal.invokers.TestInvoker.invokeMethod(TestInvoker.java:755)
	at org.testng.internal.invokers.TestInvoker.invokeTestMethod(TestInvoker.java:227)
	at org.testng.internal.invokers.MethodRunner.runInSequence(MethodRunner.java:50)
	at org.testng.internal.invokers.TestInvoker$MethodInvocationAgent.invoke(TestInvoker.java:957)
	at org.testng.internal.invokers.TestInvoker.invokeTestMethods(TestInvoker.java:200)
	at org.testng.internal.invokers.TestMethodWorker.invokeTestMethods(TestMethodWorker.java:148)
	at org.testng.internal.invokers.TestMethodWorker.run(TestMethodWorker.java:128)
	at java.base/java.util.concurrent.ThreadPoolExecutor.runWorker(ThreadPoolExecutor.java:1136)
	at java.base/java.util.concurrent.ThreadPoolExecutor$Worker.run(ThreadPoolExecutor.java:635)
	at java.base/java.lang.Thread.run(Thread.java:842)

[INFO] 
[INFO] Results:
[INFO] 
[ERROR] Failures: 
[ERROR]   TestRunner>BaseTest.tearDown:47 The following asserts failed:
	Text does not contain expected value for Login button expected [true] but found [false]
[INFO] 
[ERROR] Tests run: 2, Failures: 1, Errors: 0, Skipped: 0
[INFO] 
[INFO] ------------------------------------------------------------------------
[INFO] BUILD FAILURE
[INFO] ------------------------------------------------------------------------
[INFO] Total time:  37.935 s
[INFO] Finished at: 2026-05-17T11:33:13-04:00
[INFO] ------------------------------------------------------------------------
[ERROR] Failed to execute goal org.apache.maven.plugins:maven-surefire-plugin:3.0.0:test (default-test) on project SeleniumJavaHybridAllure: There are test failures.
[ERROR] 
[ERROR] Please refer to C:\Users\tutru\OneDrive\Desktop\SeleniumJavaAllureHybrid\target\surefire-reports for the individual test results.
[ERROR] Please refer to dump files (if any exist) [date].dump, [date]-jvmRun[N].dump and [date].dumpstream.
[ERROR] -> [Help 1]
[ERROR] 
[ERROR] To see the full stack trace of the errors, re-run Maven with the -e switch.
[ERROR] Re-run Maven using the -X switch to enable full debug logging.
[ERROR] 
[ERROR] For more information about the errors and possible solutions, please read the following articles:
[ERROR] [Help 1] http://cwiki.apache.org/confluence/display/MAVEN/MojoFailureException
